
============================================================
Collection: cbn-adviezen  |  items: 436  |  staging: data/etl-staging/
============================================================
  ✓ CBN-0003-01-tijdstip-waarop-de-aan-of-verkoop-van-een-onroerend-goed-in-de-boekhouding-dient
  ✓ CBN-0003-02-niet-in-de-balans-opgenomen-rechten-en-verplichtingen-0
  ✓ CBN-0003-03-advies-inzake-de-boekhoudkundige-verwerking-van-verrichtingen-van-tijdelijk
  ✓ CBN-0004-01-vermeldingen-in-het-centralisatieboek
  ✓ CBN-0004-02-de-inschrijvingin-de-boeken-begrip
  ✓ CBN-0004-03-over-het-centraal-boek
  ✓ CBN-0004-04-beginsel-van-het-dubbel-boekhouden
  ✓ CBN-0007-02-interne-en-externe-jaarrekening-begrippen
  ✓ CBN-0007-03-boek-waarin-de-jaarrekening-en-de-inventarisstukken-worden-opgenomen-opname-van-de
  ✓ CBN-0007-04-opmaken-van-de-inventaris
  ✓ CBN-0012-01-toepassingsgebied-van-de-uitvoeringsbesluiten-bedoelde-ondernemingen
  ✓ CBN-0012-02-toepassingsgebied-van-de-uitvoeringsbesluiten-boekjaar-waarop-de-criteria-van-toepassing
  ✓ CBN-0012-03-toepassingsgebied-van-de-uitvoeringsbesluiten-gemiddeld-aantal-jaarlijks-tewerkgestelde
  ✓ CBN-0012-04-omvangcriteria-berekening-op-geconsolideerde-basis
  ✓ CBN-0014-01-adviesbevoegdheid
  ✓ CBN-0016-01-toepassing-van-de-wet-op-financiele-instellingen-kredietinstellingen-die-onder-de
  ✓ CBN-0100-01-opening-van-bijkomende-rekeningen
  ✓ CBN-0100-02-aanpassing-van-het-rekeningstelsel-van-de-onderneming
  ✓ CBN-0100-omzet-begrip
  ✓ CBN-0100-verwerking-in-de-geconsolideerde-jaarrekening-van-de-vermogensbestanddelen-en-de
  ✓ CBN-0100-vragen-en-antwoorden-over-de-sociale-balans
  ✓ CBN-0101-01-zakelijke-waarborgen-gesteld-voor-rekening-van-derden
  ✓ CBN-0101-02-aandelen-als-waarborg-van-de-goede-uitoefening-van-een-mandaat-als-bestuurder-of
  ✓ CBN-0102-01-uitgegeven-cheques-werking-van-rekening-559
  ✓ CBN-0102-02-overschrijvingsorders
  ✓ CBN-0102-03-te-innen-cheques-rekening-53
  ✓ CBN-0102-omzet-verkopen-cif-cost-insurance-freight
  ✓ CBN-0102-overschakeling-op-de-euro-aspecten-in-verband-met-de-geconsolideerde-jaarrekening
  ✓ CBN-0103-01-effect-in-de-tijd-van-de-verlaging-van-de-vrijstellingscriteria
  ✓ CBN-0103-03-omzet-van-lijnagenten
  ✓ CBN-0103-gefactureerde-nog-niet-ontvangen-voorschotten-en-vooruitbetalingen-rekening-46
  ✓ CBN-0103-omzet-tussenpersonen
  ✓ CBN-0103-omzet-van-expediteurs
  ✓ CBN-0104-01-openbaarmaking-van-een-geconsolideerde-jaarrekening-op-vrijwillige-basis-of-op-basis-van
  ✓ CBN-0105-01-compensatie-tussen-debet-en-creditsaldi-bij-eenzelfde-bankinstelling
  ✓ CBN-0105-01-uitgestelde-belastingvoordelen-wegens-overdraagbare-verliezen
  ✓ CBN-0105-02-kosten-afgewenteld-op-of-gedragen-door-derden
  ✓ CBN-0105-04-vergoeding-van-kredieturen-door-de-rsz
  ✓ CBN-0105-05-aanrekening-van-vergoedingen-van-beheerders-of-leden-van-het-personeel-toegekend-door-0
  ✓ CBN-0105-06-schade-en-schadeverzekering-andere-dan-kredietverzekering
  ✓ CBN-0106-01-advies-horizontale-consolidatie-in-combinatie-met-administratiekantoren
  ✓ CBN-0106-03-verbintenissen-van-een-moedervennootschap-met-betrekking-tot-de-solvabiliteit-van-haar
  ✓ CBN-0106-04-beding-van-eigendomsvoorbehoud-uitdrukkelijk-ontbindend-beding-boekhoudkundige-verwerking
  ✓ CBN-0107-01-voorzieningen-voor-grote-herstellings-of-onderhoudswerken
  ✓ CBN-0107-02-voorzieningen-voor-prijsschommelingen-voorzieningen-met-een-algemeen-karakter
  ✓ CBN-0107-03-verplichtingen-voortvloeiend-uit-brugpensioen-0
  ✓ CBN-0107-03-verplichtingen-voortvloeiend-uit-brugpensioen
  ✓ CBN-0107-04-voorzieningen-voor-de-schulden-ten-opzichte-van-het-personeel-bij-sluiting-van-de
  ✓ CBN-0107-05-devaluatie-van-de-belgische-frank
  ✓ CBN-0107-06-waarborgen-verbonden-aan-de-verkoop-van-goederen-of-het-leveren-van-diensten
  ✓ CBN-0107-07-risicos-en-verliezen-waarvan-de-waardering-aleatoir-is
  ✓ CBN-0107-08-boekhoudkundige-verwerking-van-de-voorzieningen-voor-risicos-en-kosten
  ✓ CBN-0107-09-vaststelling-van-het-bedrag-van-een-voorziening-voor-pensioenen-of-brugpensioenen
  ✓ CBN-0107-11-opbrengsten-waarover-betwisting-bestaat-update
  ✓ CBN-0107-12-pensioenvoorzieningen
  ✓ CBN-0107-13-voorzieningen-voor-geindexeerde-pensioenen-en-brugpensioenen
  ✓ CBN-0107-14-voorzieningen-voor-bezoldigingen-bij-volledige-of-gedeeltelijke-vrijstelling-van-te
  ✓ CBN-0108-01-afwijkingen-van-de-bepalingen-van-het-kb-van-8-oktober-1976-procedure
  ✓ CBN-0108-02-aanvragen-tot-afwijking-overzicht
  ✓ CBN-0108-03-adviesbeleid-van-de-commissie-voor-boekhoudkundige-normen-ten-aanzien-van-individuele
  ✓ CBN-0108-04-vermelding-door-een-investeringsmaatschappij-van-het-aandelenbezit-in-andere
  ✓ CBN-0110-01-openbaarmaking-van-de-jaarrekening-mogelijkheid-tot-publikatie-van-de-jaarrekening-in
  ✓ CBN-0110-02-stukken-die-tegelijk-met-de-jaarrekening-dienen-neergelegd-te-worden-artikel-80-venn-w
  ✓ CBN-0110-03-openbaarmaking-van-de-jaarrekening-van-vennootschappen-die-niet-aan-het-kb-van-8-oktober
  ✓ CBN-0110-05-opstelling-goedkeuring-en-openbaarmaking-van-de-jaarrekening
  ✓ CBN-0110-09-jaarrekening-schema-van-de-balanscentrale-omvang-van-de-bedrijven
  ✓ CBN-0111-01-bezoldigingen-toegekend-aan-bestuurders-en-commissarissen-bedoelde-bezoldigingen
  ✓ CBN-0111-02-toepassing-van-de-uitzondering-waarin-punt-17-van-de-toelichting-voorziet
  ✓ CBN-0112-02-ontoereikendheid-van-de-afschrijvingen-geboekt-voor-de-inwerkingtreding-van-het-koninklijk
  ✓ CBN-0112-08-waarderingsregels
  ✓ CBN-0112-progressieve-afschrijvingsmethode
  ✓ CBN-0113-02-herwaarderingen-verricht-met-toepassing-van-de-wet-van-20-augustus-1947
  ✓ CBN-0113-05-herwaardering-van-vaste-activa-voor-het-begin-van-het-boekjaar-dat-aanvangt-na-31-december
  ✓ CBN-0113-06-herwaardering-van-afschrijfbare-activa-intercommunale-verenigingen-en-gemeentebedrijven
  ✓ CBN-0114-01-verbonden-ondernemingen-ondernemingen-met-deelnemingsverhouding
  ✓ CBN-0114-02-bezit-van-maatschappelijke-rechten-in-verbonden-ondernemingen-of-in-ondernemingen-waarmee
  ✓ CBN-0114-03-resultaten-uit-verrichtingen-met-dochterondernemingen
  ✓ CBN-0114-04-verwerking-in-de-jaarrekening-van-een-onderneming-van-verrichtingen-met-verbonden
  ✓ CBN-0114-06-uitdrukking-van-verrichtingen-tussen-ondernemingen-uit-eenzelfde-groep
  ✓ CBN-0114-07-condominium
  ✓ CBN-0116-financiele-kortingen
  ✓ CBN-0117-01-jaarrekening-in-belgische-frank-munt-waarin-de-jaarrekening-moet-worden-opgesteld
  ✓ CBN-0117-02-munt-waarin-de-boekhouding-moet-worden-gevoerd-en-de-jaarrekening-opgesteld-de-commissie
  ✓ CBN-0117-03-voeren-van-de-boekhouding-en-opstellen-van-de-jaarrekening-in-een-andere-munt-dan-de-euro
  ✓ CBN-0120-01-het-begrip-financiele-instelling
  ✓ CBN-0120-02-in-aanmerking-te-nemen-termijn-contractuele-termijn-of-nog-te-lopen-termijn
  ✓ CBN-0120-03-waardering-van-liquide-middelen-bij-de-jaarafsluiting-criterium-voor-de-toerekening-aan
  ✓ CBN-0120-04-overheidsfondsen
  ✓ CBN-0120-05-coordinatiecentrum-financiele-instelling
  ✓ CBN-0120-06-boeking-van-het-financiele-bedrijf-van-een-coordinatiecentrum-binnen-een-groep
  ✓ CBN-0121-01-afname-van-het-kapitaal-van-de-uitgiftepremies-van-de-reserves-van-de-overgedragen-winst
  ✓ CBN-0121-02-verlies-gedragen-door-vennoten-of-derden
  ✓ CBN-0121-02-verlies-gedragen-door-vennoten
  ✓ CBN-0121-03-mutaties-binnen-het-eigen-vermogen
  ✓ CBN-0121-04-voorstelling-van-een-tabel-met-de-wijzigingen-in-het-eigen-vermogen-en-de-bestemming-van
  ✓ CBN-0124-01-fusie-inbreng-van-een-onderdeel-van-een-onderneming-splitsing
  ✓ CBN-0126-01-aanschaffingsprijs-bijkomende-kosten
  ✓ CBN-0126-02-inbrengprijs
  ✓ CBN-0126-03-vervaardigingsprijs-toerekening-van-creditrente
  ✓ CBN-0126-04-vervaardigingsprijs-correctie-van-de-nederlandse-tekst-van-artikel-22-van-het-koninklijk
  ✓ CBN-0126-05-vervaardigingsprijs
  ✓ CBN-0126-06-individualisering-van-de-aanschaffingsprijs
  ✓ CBN-0126-07-waardering-van-de-aanschaffingsprijs-van-de-voorraden-op-grond-van-de-verkoopprijs
  ✓ CBN-0126-08-financiele-vaste-activa-waardering-aanschaffingswaarde-met-prijstoeslag
  ✓ CBN-0126-12-boeking-van-uitzettingsvergoedingen-betaald-door-de-eigenaar-en-van-de-kost-van-werken-ten
  ✓ CBN-0126-13-boekhoudkundige-verwerking-van-de-aankoop-het-bezit-en-de-realisatie-van-vvpr-strips
  ✓ CBN-0126-15-aanpassing-van-de-aan-verkoopprijs-van-een-deelneming
  ✓ CBN-0126-16-aanschaffingswaarde-van-de-aandelen-ontvangen-naar-aanleiding-van-een-in-het-buitenland
  ✓ CBN-0126-18-aanschaffingswaarde-bij-inbreng-in-natura
  ✓ CBN-0127-01-forfaitaire-waardeverminderingen-op-vorderingen
  ✓ CBN-0127-02-waardevermindering-op-aandelen-voorziening-voor-risicos-verbonden-aan-niet-opgevraagd
  ✓ CBN-0128-02-betwiste-fiscale-aanslag-0
  ✓ CBN-0128-05-vrijstelling-investeringsreserves-controle-op-de-toepassing-van-het-boekhoudrecht
  ✓ CBN-0128-07-andere-taksen-en-lasten-ten-laste-van-derden
  ✓ CBN-0128-08-boeking-van-voordelen-van-alle-aard
  ✓ CBN-0129-01-boeking-van-bonusaandelen
  ✓ CBN-0130-01-verzekering-tegen-de-burgerrechtelijke-aansprakelijkheid-van-de-werkgever
  ✓ CBN-0131-02-toevoegingen-en-onttrekkingen-boekhoudkundige-verwerking
  ✓ CBN-0132-01-lifo-methode
  ✓ CBN-0132-02-voorraden-waarvan-de-verkoopprijs-door-de-overheid-gewaarborgd-is
  ✓ CBN-0132-04-termijnovereenkomsten-op-handelsgoederen
  ✓ CBN-0132-05-rechten-tot-vertoning-van-films
  ✓ CBN-0132-06-vooruitbetalingen
  ✓ CBN-0132-07-boeking-en-waardering-van-voorraden
  ✓ CBN-0133-02-uitkering-van-een-dividend-aan-een-verbonden-onderneming
  ✓ CBN-0133-03-schulden-voortvloeiend-uit-de-bestemming-van-het-resultaat
  ✓ CBN-0133-04-schulden-uit-de-resultaatbestemming-dividenduitkering-aan-een-onderneming-die-ten-minste
  ✓ CBN-0134-01-verwerking-in-de-boekhouding-en-de-jaarrekening-van-de-belastingbesparing-ingevoerd-door
  ✓ CBN-0134-02-belastingvrije-provisie-voor-sociaal-passief
  ✓ CBN-0134-03-investeringsaftrek
  ✓ CBN-0135-01-kosten-die-worden-gemaakt-bij-de-vervreemding-van-activa
  ✓ CBN-0136-01-voorwaardelijke-obligaties
  ✓ CBN-0137-01-klassering-van-de-vorderingen-bij-faillissement-van-de-schuldenaar
  ✓ CBN-0137-03-schulden-op-meer-dan-een-jaar-prefinanciering-van-langlopende-leningen
  ✓ CBN-0137-04-renteloze-vorderingen-schulden-en-vorderingen-schulden-met-een-abnormaal-lage-rente-op
  ✓ CBN-0137-06-overdracht-van-schuldvordering-nominale-waarde-waardevermindering
  ✓ CBN-0137-actualisering-van-vorderingen-en-schulden-op-korte-termijn-update
  ✓ CBN-0137-vordering-wegens-levering-van-goederen-en-diensten-omgevormd-tot-renteloze-leningen-op
  ✓ CBN-0137-vorderingen-en-schulden-waarvan-de-rente-uitsluitend-bestaat-uit-het-verschil-tussen-de
  ✓ CBN-0138-05-software
  ✓ CBN-0139-02-obligaties-met-warrant
  ✓ CBN-0139-03-aandelen-met-warrant
  ✓ CBN-0139-04-afgezonderde-warranten
  ✓ CBN-0139-05-obligaties-met-warrant-0
  ✓ CBN-0139-06-aandelen-met-warrant-0
  ✓ CBN-0139-07-verwerking-van-uitgegeven-inschrijvingsrechten-in-de-jaarrekening
  ✓ CBN-0139-08-uitgifte-van-obligaties-met-inschrijvingsrechten-die-in-aandelen-converteerbaar-of
  ✓ CBN-0140-overeenstemming-tussen-de-boekhouding-en-de-jaarrekening
  ✓ CBN-0146-01-belastingschulden-sociale-schulden-verwijlinteresten
  ✓ CBN-0146-02-vooruitbetalingen-van-sociale-zekerheidsbijdragen
  ✓ CBN-0147-01-vastrentende-effecten-financiele-vaste-activa-of-geldbeleggingen-criteria
  ✓ CBN-0147-02-inresultaatneming-van-het-actuariele-rendement-van-vastrentende-effecten
  ✓ CBN-0147-03-meerwaarden-op-overheidseffecten-bedoeld-door-artikel-513-van-het-nieuwe-wib
  ✓ CBN-0148-01-overeenkomsten-waarin-gespreide-of-opeenvolgende-prestaties-worden-voorzien
  ✓ CBN-0148-02-vakantiegeld
  ✓ CBN-0148-03-toerekenen-van-kosten-als-gevolg-van-een-waarborgovereenkomst
  ✓ CBN-0148-04-boeking-van-de-prorata-van-gelopen-interest-op-obligaties-en-kasbons
  ✓ CBN-0148-05-actuarieel-rendement-op-vastrentende-effecten-aanpassing-van-de-adviezen-1375-en-1484
  ✓ CBN-0148-06-boekhoudkundige-verwerking-van-verrichtingen-afgesloten-onder-opschortende-voorwaarde
  ✓ CBN-0150-01-materiele-vaste-activa-onderscheid-met-voorraden
  ✓ CBN-0150-02-aansluitingskosten-en-installatiekosten-waarbij-derden-de-eigendom-van-de-installatie
  ✓ CBN-0150-04-investering-voor-een-rationeler-energieverbruik-geintegreerd-energiebeheerprogramma
  ✓ CBN-0151-01-kapitaalvermindering-door-terugbetaling-aan-de-vennoten-of-vrijstelling-van-volstorting
  ✓ CBN-0151-02-toerekening-door-de-aandeelhouder-van-een-terugbetaling-van-kapitaal-of-een-uitgiftepremie
  ✓ CBN-0152-01-boekingen-van-deviezenverrichtingen-en-verwerking-van-tegoeden-en-verplichtingen-in
  ✓ CBN-0152-02-boekhoudkundige-verwerking-van-een-kapitaalverhoging-als-gevolg-van-de-conversie-in
  ✓ CBN-0152-03-boekhoudkundige-verwerking-van-een-kapitaalverhoging-als-gevolg-van-de-inbreng-van-een
  ✓ CBN-0152-04-niet-monetaire-financiele-activa-in-deviezen-deelnemingen-en-aandelen
  ✓ CBN-0152-05-verwerking-van-omrekeningsverschillen
  ✓ CBN-0152-06-risicos-verbonden-aan-bestellingen-van-vaste-activa
  ✓ CBN-0153-02-loonmatiging-bezoldigingen-van-bestuurders
  ✓ CBN-0154-01-wijziging-van-de-waarderingsregels-als-gevolg-van-gewijzigde-wetgeving
  ✓ CBN-0155-01-boeking-van-commissies
  ✓ CBN-0156-01-attribution-au-fonds-de-solidarite
  ✓ CBN-0157-01-tijdstip-waarop-de-winst-is-gerealiseerd
  ✓ CBN-0157-02-realisatiebeginsel-behalve-bij-fusie
  ✓ CBN-0158-01-boekhoudkundige-verwerking-van-de-aankoop-afschrijving-en-ontginning-in-concessie-van
  ✓ CBN-0159-01-schulden-op-meer-dan-een-jaar-waarvoor-geen-of-slechts-een-abnormaal-lage-rente
  ✓ CBN-0159-02-specifiek-achtergestelde-leningen
  ✓ CBN-0160-01-toepassing-van-artikel-40-van-het-koninklijk-besluit-van-8-oktober-1976-op-de-jaarrekening
  ✓ CBN-0161-01-aansprakelijk-vertegenwoordiger-tov-het-belastingbestuur
  ✓ CBN-0162-01-boekhoudkundige-verwerking-van-het-vruchtgebruik-van-aandelen-dat-onder-bezwarende-titel
  ✓ CBN-0163-boekhoudkundige-verwerking-van-in-substance-defeasance
  ✓ CBN-0164-passende-boekhoudkundige-verwerking-van-de-tegenwaarde-van-participatiecertificaten-cpcs
  ✓ CBN-0166-02-verwerking-in-de-jaarrekening-van-bepaalde-verrichtingen-als-bedoeld-in-artikel-677-van
  ✓ CBN-0167-02-boekhoudkundige-verwerking-van-dekkingsverrichtingen-en-gedekte-posities-in-aandelen
  ✓ CBN-0168-01-boekhoudkundige-verwerking-van-deelnemingen-in-vennootschappen-naar-buitenlands-recht-die
  ✓ CBN-0169-01-verwerking-van-leningen-en-ontleningen-van-effecten-in-de-jaarrekening-van-ondernemingen
  ✓ CBN-0169-02-verwerking-van-cessie-retrocessieverrichtingen-in-de-jaarrekening-van-ondernemingen
  ✓ CBN-0170-01-boekhoudkundige-verwerking-van-niet-betaalde-schulden-wegens-ontoereikend-actief-bij-het
  ✓ CBN-0171-boekhoudkundige-verwerking-van-afvalstoffen
  ✓ CBN-0172-01-opneming-van-de-rekeningen-van-een-buitenlands-bijkantoor
  ✓ CBN-0173-01-overschakeling-op-de-euro-boekhoudrechtelijke-aspecten
  ✓ CBN-0173-02-boekhoudkundige-verwerking-van-de-afrondingen-bij-conversie
  ✓ CBN-0173-03-toelichting-bij-de-datum-vanaf-wanneer-ondernemingen-waarvan-het-boekjaar-niet-samenvalt
  ✓ CBN-0173-04-vervroegde-vaststelling-van-de-bilaterale-wisselkoersen-in-mei-1998-gevolgen-voor-het
  ✓ CBN-0173-05-toelichting-bij-de-boekhoudkundige-verwerking-van-termijnwisselverrichtingen-tussen-de
  ✓ CBN-0173-06-verrekening-van-vorderingen-en-schulden-die-oorspronkelijk-zijn-uitgedrukt-in-munten-die
  ✓ CBN-0173-07-afronding-van-de-bedragen-in-de-jaarrekeningen-die-in-euro-of-in-duizenden-euro-zijn
  ✓ CBN-0173-08-aanvullende-aspecten-in-verband-met-de-boekhoudkundige-verwerking-van
  ✓ CBN-0174-01-beginselen-van-een-regelmatige-boekhouding
  ✓ CBN-0175-01-verwerking-in-de-jaarrekening-over-het-boekjaar-1996-en-de-daaropvolgende-boekjaren-van-de
  ✓ CBN-0175-02-verwerking-in-de-jaarrekening-over-het-boekjaar-1999-van-de-maribel-bis-en-ter-steun
  ✓ CBN-0176-01-boekhoudrechtelijke-aspecten-met-betrekking-tot-het-jaar-2000
  ✓ CBN-0177-01-boekhoudkundige-verwerking-van-de-mini-bel-20
  ✓ CBN-0178-01-advies-met-betrekking-tot-de-jaarrekeningrechtelijke-aspecten-van-de-certificatie-van
  ✓ CBN-0179-01-boekhoudkundige-verwerking-van-broeikasgasemissierechten
  ✓ CBN-0180-01-verwerking-in-de-jaarrekening-van-de-door-de-vlaamse-regering-gecreeerde-opleidingscheques
  ✓ CBN-2009-03-boekhoudkundige-verwerking-van-kapitaalsubsidies-waarvan-de-toekenning-enof-de-uitbetaling
  ✓ CBN-2009-04-model-van-ongesplitst-dagboek-zoals-bedoeld-in-artikel-2-van-het-koninklijk-besluit-van-26
  ✓ CBN-2009-07-de-boekhoudkundige-verwerking-van-grensoverschrijdende-fusies
  ✓ CBN-2009-09-boekhoudkundige-gevolgen-van-de-aanvaardingsplicht-inzake-afgedankte-elektrische-en
  ✓ CBN-2009-10-bepaling-van-de-functionele-valuta-bij-financieringsvennootschappen
  ✓ CBN-2009-11-de-boekhoudkundige-verwerking-van-partiele-splitsingen
  ✓ CBN-2009-12-de-sociale-balans-en-de-statutaire-werknemers
  ✓ CBN-2009-13-de-boekhoudkundige-verwerking-van-het-stelsel-tot-gedeeltelijke-vrijstelling-van-0
  ✓ CBN-2009-14-boekhoudkundige-verwerking-van-groenestroom-en-warmtekrachtcertificaten
  ✓ CBN-2009-15-de-boekhoudkundige-verwerking-van-de-inbreng-van-een-bedrijfstak-of-van-een-algemeenheid
  ✓ CBN-2009-16-omrekening-van-kapitaal-bij-grensoverschrijdende-fusies
  ✓ CBN-2010-01-de-interpretatie-van-de-openbaarmakingsverplichting-van-transacties-van-enige-betekenis
  ✓ CBN-2010-02-de-boekhoudkundige-verwerking-van-het-stelsel-tot-gedeeltelijke-vrijstelling-van-betaling
  ✓ CBN-2010-03-de-boekhoudkundige-verwerking-van-stockdividenden
  ✓ CBN-2010-04-omrekeningsverschillen-ontstaan-bij-omrekening-van-het-kapitaal-naar-aanleiding-van-het
  ✓ CBN-2010-08-financiele-steunverlening
  ✓ CBN-2010-09-toepassingsgebied-van-het-koninklijk-besluit-van-10-augustus-2009
  ✓ CBN-2010-10-duur-van-het-boekjaar
  ✓ CBN-2010-11-boekhoudkundige-verwerking-van-loontussenkomst-door-de-overheid-in-hoofde-van-de-werkgever
  ✓ CBN-2010-12-de-toepassing-van-de-algemene-boekhoudprincipes-op-afgeleide-financiele-instrumenten
  ✓ CBN-2010-13-boekhoudkundige-verwerking-van-de-belasting-over-de-toegevoegde-waarde-in-hoofde-van-de
  ✓ CBN-2010-14-bewaring-van-boeken-en-verantwoordingsstukken
  ✓ CBN-2010-15-afschrijvingsmethoden
  ✓ CBN-2010-16-boekhoudkundige-verwerking-van-subsidies-schenkingen-en-legaten-toegekend-in-contanten-in
  ✓ CBN-2010-17-boekhoudkundige-verwerking-van-subsidies-schenkingen-en-legaten-in-natura-in-de
  ✓ CBN-2010-18-subsidies-en-schenkingen-vanuit-het-oogpunt-van-de-verstrekkende-vereniging-of-stichting
  ✓ CBN-2010-20-gebruik-van-uniforme-boekhoudsoftware-door-internationale-ondernemingen
  ✓ CBN-2010-21-de-boekhoudkundige-verwerking-van-transfervergoedingen-betaald-bij-de-mutatie-van
  ✓ CBN-2010-22-boekingswijze-van-een-voorschot-op-de-verdeling-van-het-netto-actief
  ✓ CBN-2011-02-zetelverplaatsing-naar-belgie-van-een-vennootschap-opgericht-naar-buitenlands-recht
  ✓ CBN-2011-04-boekhoudkundige-verwerking-van-leveringontvangst-van-handelsgoederen-om-niet-update-0
  ✓ CBN-2011-05-consolidatiekring-interpretatie-van-de-uitsluitingsgrond-van-artikel-107-4deg-kb-wvenn
  ✓ CBN-2011-06-boekhoudkundige-verwerking-van-de-aankoop-van-goud-en-kunstwerken
  ✓ CBN-2011-07-bestemde-fondsen
  ✓ CBN-2011-10-de-boekhoudkundige-verwerking-van-grensoverschrijdende-splitsingen
  ✓ CBN-2011-11-de-boekhoudkundige-verwerking-van-grensoverschrijdende-partiele-splitsingen
  ✓ CBN-2011-12-afwijking-inzake-functionele-valuta-praktische-implicaties-en-procedure
  ✓ CBN-2011-13-overheidssubsidies
  ✓ CBN-2011-14-herwaarderingsmeerwaarden
  ✓ CBN-2011-15-waardeverminderingen-op-handelsvorderingen-gedekt-door-een-kredietverzekering
  ✓ CBN-2011-17-boekhoudkundige-verwerking-van-onderzoeksfondsen-in-de-jaarrekening-van-grote-en-zeer
  ✓ CBN-2011-18-de-boekhoudkundige-verwerking-van-de-renteswap-interest-rate-swap
  ✓ CBN-2011-19-de-boekhoudkundige-verwerking-van-interestopbrengsten-en-kosten-door-erkende
  ✓ CBN-2011-20-verbonden-ondernemingen
  ✓ CBN-2011-21-bewaring-van-de-boeken-en-verantwoordingsstukken
  ✓ CBN-2011-22-boekhoudkundige-verwerking-van-de-door-de-vlaamse-regering-gecreeerde-kmo-portefeuille
  ✓ CBN-2011-23-de-boekhoudkundige-verwerking-van-factoringovereenkomsten
  ✓ CBN-2011-24-herstructureringskosten-verwerking-in-de-jaarrekening
  ✓ CBN-2012-01-boekhoudkundige-verwerking-van-een-overschot-aan-broeikasgasemissierechten-door-een
  ✓ CBN-2012-02-de-boekhoudkundige-verwerking-van-toegekende-voordelen-bij-het-afsluiten-van-een
  ✓ CBN-2012-03-de-boekhoudkundige-verwerking-van-aandelenoptieplannen
  ✓ CBN-2012-04-de-boekhoudkundige-verwerking-van-de-inbeslagname-in-hoofde-van-de-beslagen-schuldenaar
  ✓ CBN-2012-05-betaling-van-vorderingen-in-natura
  ✓ CBN-2012-06-de-boekhoudkundige-verwerking-van-de-tax-shelter-in-hoofde-van-de-productievennootschap
  ✓ CBN-2012-07-de-boekhoudkundige-verwerking-van-de-tax-shelter-in-hoofde-van-de-investeerder
  ✓ CBN-2012-08-de-boekhoudkundige-verwerking-van-de-inbreng-in-eigendom-in-een-belgische-burgerlijke
  ✓ CBN-2012-09-de-boekhoudkundige-verwerking-van-de-verwerving-van-een-vast-actief-voor-een-variabele
  ✓ CBN-2012-10-te-verwaarlozen-betekenis
  ✓ CBN-2012-12-vrijstelling-van-subconsolidatie
  ✓ CBN-2012-13-de-boekhoudkundige-verwerking-van-immateriele-vaste-activa
  ✓ CBN-2012-15-bestellingen-in-uitvoering
  ✓ CBN-2012-16-de-boekhoudkundige-verwerking-van-wentelkredieten
  ✓ CBN-2012-17-erkenning-van-opbrengsten-en-kosten
  ✓ CBN-2012-19-goederen-verworven-tegen-betaling-van-een-lijfrente
  ✓ CBN-2012-20-de-boekhoudkundige-verwerking-van-de-betaling-van-een-schuld-van-de-vennootschap-door-een
  ✓ CBN-2012-de-boekhoudkundige-verwerking-van-aandelenopties-als-zodanig
  ✓ CBN-2013-01-de-boekhoudkundige-verwerking-van-pseudo-fusies-van-verenigingen-en-stichtingen
  ✓ CBN-2013-02-het-gebruik-van-de-rekening-15-kapitaalsubsidies-door-grote-en-zeer-grote-verenigingen-en
  ✓ CBN-2013-03-de-boekhoudkundige-verwerking-van-step-acquisitions-update
  ✓ CBN-2013-04-de-boekhoudkundige-verwerking-van-step-disposals
  ✓ CBN-2013-05-de-aandeelhoudersstructuur-van-ondernemingen-opname-in-de-toelichting-van-de-jaarrekening
  ✓ CBN-2013-06-de-boekhoudkundige-verwerking-van-de-afzonderlijke-aanslag-op-interne
  ✓ CBN-2013-08-de-boekhoudkundige-verwerking-van-de-door-de-waalse-regering-gecreeerde-opleidingscheques
  ✓ CBN-2013-09-de-boekhoudkundige-verwerking-van-een-herziening-van-de-btw-op-een-aangekocht
  ✓ CBN-2013-11-begrip-omzet-doorrekening-van-belastingen-en-accijnzen
  ✓ CBN-2013-12-erkenning-van-de-opbrengsten-en-kosten-die-overeenstemmen-met-interesten-en-royaltys
  ✓ CBN-2013-14-de-boekhoudkundige-verwerking-van-de-uitgestelde-belastingen-bij-gerealiseerde-0
  ✓ CBN-2013-14-de-boekhoudkundige-verwerking-van-de-uitgestelde-belastingen-bij-gerealiseerde-meerwaarden
  ✓ CBN-2013-16-toelichting-omtrent-het-niet-gebruik-van-de-waarderingsgregels-op-basis-van-de-waarde-in
  ✓ CBN-2013-17-de-boekhoudkundige-verwerking-met-betrekking-tot-de-toepassing-van-de-overgangsregeling
  ✓ CBN-2014-03-de-boekhoudkundige-verwerking-van-mutaties-binnen-het-eigen-vermogen-van-een-geassocieerde
  ✓ CBN-2014-05-afsluitingsdatum-van-het-boekjaar
  ✓ CBN-2014-06-de-boekhoudkundige-verwerking-van-effecten-aan-toonder-van-rechtswege-omgezet-in-effecten
  ✓ CBN-2014-07-de-boekhoudkundige-verwerking-van-subsidies-waarvan-de-toekenning-niet-gegarandeerd-is
  ✓ CBN-2014-08-de-boekhoudkundige-verwerking-van-de-fairness-tax
  ✓ CBN-2015-01-boekhoudkundige-verwerking-van-de-tax-shelter-in-hoofde-van-de-investeerder
  ✓ CBN-2015-02-boekhoudkundige-verwerking-van-de-liquidatiereserve-programmawet-van-19-december-2014-en
  ✓ CBN-2015-03-verplichting-tot-opstelling-en-publicatie-van-de-jaarrekening-door-de-inbrengende
  ✓ CBN-2015-04-leasing
  ✓ CBN-2015-05-zakelijke-rechten-op-onroerende-goederen-vruchtgebruik-opstalrecht-erfpachtrecht
  ✓ CBN-2015-06-boekhoudkundige-verwerking-van-de-liquidatiereserve-bedoeld-in-artikel-541-wib-92
  ✓ CBN-2015-07-boekhoudkundige-verwerking-van-de-tax-shelter-in-hoofde-van-de-productievennootschap
  ✓ CBN-2015-08-boekhoudkundige-verwerking-van-de-aankoop-van-een-onroerend-goed-bestemd-voor-verkoop
  ✓ CBN-2015-10-vrijstelling-van-subconsolidatie-de-maatschap
  ✓ CBN-2016-01-verrichtingen-met-betrekking-tot-inschrijvingsrechten
  ✓ CBN-2016-02-boekhoudkundige-verwerking-van-ontvangen-subsidies-voor-de-aankoop-van-activa-die-worden
  ✓ CBN-2016-04-verenigingen-en-stichtingen-boekhoudkundige-verwerking-van-meerjarige-toekenningen-bij
  ✓ CBN-2016-05-waardering-van-voorraden-gezamenlijke-aankoop-en-doorverkoop-per-stuk
  ✓ CBN-2016-06-verbeteringswerken-aan-gehuurde-gebouwen
  ✓ CBN-2016-07-verwerving-van-een-bedrijfstak-tegen-een-symbolische-euro
  ✓ CBN-2016-08-bepaling-van-de-omzet-van-een-franchisenemer
  ✓ CBN-2016-09-verwerving-van-een-bebost-terrein
  ✓ CBN-2016-10-schulden-en-vorderingen-gevolgen-van-de-wijzigingen-aan-artikel-67-kb-wvenn-door-het
  ✓ CBN-2016-11-boekhoudkundige-verwerking-van-de-cross-currency-swap
  ✓ CBN-2016-12-verjaarde-schulden
  ✓ CBN-2016-13-verenigingen-en-stichtingen-roerende-voorheffing
  ✓ CBN-2016-14-bestellingen-in-uitvoering-wijzigingen-door-het-koninklijk-besluit-van-18-december-2015
  ✓ CBN-2016-15-vergoedingen-aan-bestuurders-en-werkende-vennoten
  ✓ CBN-2016-16-kosten-van-onderzoek-en-ontwikkeling-wijzigingen-door-het-koninklijk-besluit-van-18
  ✓ CBN-2016-17-verenigingen-en-stichtingen-certificatie-van-aandelen-van-handelsvennootschappen
  ✓ CBN-2016-18-prestaties-geleverd-aan-overheid-verschuldigde-btw
  ✓ CBN-2016-19-consortium-toepasselijke-rapporteringsstandaard-vrijstelling-van-subconsolidatie-update-0
  ✓ CBN-2016-20-leveranciersschulden-en-schulden-aan-de-overheid-in-het-kader-van-boek-xx-insolventie-van
  ✓ CBN-2016-21-actualisatie-van-uitgestelde-belastingen-update
  ✓ CBN-2016-22-bewaring-van-boeken-en-verantwoordingsstukken-bij-een-geinformatiseerde-boekhouding
  ✓ CBN-2016-24-uitzonderlijke-resultaten-wijzigingen-door-het-koninklijk-besluit-van-18-december-2015
  ✓ CBN-2016-25-kapitaalvermindering-voor-vorming-van-een-reserve-voor-een-voorzienbaar-verlies
  ✓ CBN-2016-26-kilometerheffing
  ✓ CBN-2016-27-kosten-van-onderzoek-en-ontwikkeling-onderscheid-tussen-onderzoek-en-ontwikkeling
  ✓ CBN-2017-01-consortium-lidmaatschapsrechten-artikel-1401-5-bw
  ✓ CBN-2017-02-gezamenlijke-controle-over-een-vennootschap-groottecriteria-update
  ✓ CBN-2017-03-groottecriteria-boekjaar-korter-of-langer-dan-12-maanden-update
  ✓ CBN-2017-04-gegeven-borgtochten-in-contanten-en-effecten-update
  ✓ CBN-2017-07-niet-in-de-balans-opgenomen-rechten-en-verplichtingen
  ✓ CBN-2017-08-cijfers-van-het-vorig-boekjaar-bij-opmaak-jaarrekening-volgens-nieuw-model
  ✓ CBN-2017-10-groottecriteria-artikel-15-wvenn-verbonden-vennootschappen-verschillende-afsluitingsdata
  ✓ CBN-2017-11-opname-van-financiele-vaste-activa-geboekt-tegen-een-hoger-bedrag-dan-hun-reele-waarde-in
  ✓ CBN-2017-13-boekhoudkundige-verwerking-van-de-vergoeding-voor-een-borg-in-het-kader-van-de
  ✓ CBN-2017-14-verenigingen-en-stichtingen-verwerving-door-de-erfpacht-houder-van-het-met-een-erfpacht
  ✓ CBN-2017-15-transacties-onder-gemeenschappelijke-leiding-common-control-transactions-update
  ✓ CBN-2017-16-onbeperkt-aansprakelijke-vennoot-vermeldingen-in-de-jaarrekening
  ✓ CBN-2017-17-reverse-factoring
  ✓ CBN-2017-18-afschrijving-van-materiele-vaste-activa-in-aanbouw-en-vooruitbetalingen-inresultaatname
  ✓ CBN-2018-01-aftrek-voor-innovatie-inkomsten
  ✓ CBN-2018-02-belastingkrediet-voor-kosten-van-onderzoek-en-ontwikkeling
  ✓ CBN-2018-03-zetelverplaatsing-naar-belgie-inbound-verschil-in-waarderingsregels-ten-opzichte-van-het
  ✓ CBN-2018-04-de-boekhoudkundige-verwerking-van-derdenrekeningen-0
  ✓ CBN-2018-05-rekening-130-wettelijke-reserve
  ✓ CBN-2018-07-vereniging-van-aandelen-in-handen-van-een-enkele-rechtspersoon-vermeldingen-in-de
  ✓ CBN-2018-08-gebeurtenissen-na-afsluitingsdatum-van-het-boekjaar
  ✓ CBN-2018-09-tax-shelter-voor-podiumkunsten
  ✓ CBN-2018-11-verkoop-van-oplaadbare-betaalkaarten
  ✓ CBN-2018-12-interpretatie-van-code-99084-in-de-toelichting-514-van-de-geconsolideerde-jaarrekening
  ✓ CBN-2018-13-provisie-aanvullende-dagen-verlof-arbeidsduurvermindering
  ✓ CBN-2018-14-belastingen
  ✓ CBN-2018-15-boekhoudkundige-verwerking-van-onder-meer-de-rendementswaarborg-voor-werkgeversbijdragen
  ✓ CBN-2018-16-toekenning-van-gratis-aandelen-restricted-stock-units-als-bonus
  ✓ CBN-2018-17-schulden-gewaarborgd-door-een-zakelijke-zekerheid-niet-in-de-balans-opgenomen-rechten-en
  ✓ CBN-2018-18-going-concern-waarderingsregels-bij-de-stopzetting-of-gedeeltelijke-stopzetting-van-het
  ✓ CBN-2018-19-boekhoudkundige-verwerking-van-winstpremies
  ✓ CBN-2018-20-boekhoudkundig-niet-compensatiebeginsel
  ✓ CBN-2018-21-vrijstelling-mbt-het-sociaal-passief-ingevolge-het-eenheidsstatuut
  ✓ CBN-2018-22-groottecriteria-alternatieve-berekening-van-de-omzet-op-geconsolideerde-of-geaggregeerde
  ✓ CBN-2018-23-begin-van-het-boekjaar
  ✓ CBN-2018-24-duolegaat-vereniging-en-stichting
  ✓ CBN-2018-25-voorzieningen
  ✓ CBN-2019-01-dividenduitkering-en-kapitaalvermindering-in-natura-0
  ✓ CBN-2019-03-ziekenhuisfinanciering-de-boekhoudkundige-verwerking-van-het-instandhoudingsforfait-en-0
  ✓ CBN-2019-04-gevolgen-op-gebied-van-financiele-rapportering-als-gevolg-van-de-brexit-0
  ✓ CBN-2019-05-vergoedingen-vrijwilligerswerk-en-verenigingswerk
  ✓ CBN-2019-06-groepsbijdrage
  ✓ CBN-2019-07-boekhoudkundige-verwerking-van-de-uitgifte-van-een-obligatielening
  ✓ CBN-2019-08-boekhoudkundige-verwerking-van-crowdfunding-0
  ✓ CBN-2019-09-boekhoudplichtige-onderneming
  ✓ CBN-2019-10-de-boekhoudkundige-en-jaarrekeningrechtelijke-verplichtingen-van-een-beoefenaar-van-een-0
  ✓ CBN-2019-11-de-vereenvoudigde-boekhouding-van-een-natuurlijke-persoon-maatschap-vennootschap-onder
  ✓ CBN-2019-12-groottecriteria-verenigingen-en-stichtingen-schema-van-de-jaarrekening-begroting
  ✓ CBN-2019-13-pro-rata-regel-van-artikel-18-wib-92-bij-terugbetaling-van-inbreng-kapitaalvermindering
  ✓ CBN-2019-14-van-een-kapitaalhoudende-bvba-naar-een-kapitaalloze-bv
  ✓ CBN-2019-15-aanschaffingswaarde-van-een-actiefbestanddeel-verkregen-in-ruil-voor-een-tegenprestatie
  ✓ CBN-2020-01-neerlegging-van-de-enkelvoudige-jaarrekening-bij-de-nationale-bank-van-belgie-nieuwe
  ✓ CBN-2020-02-afronding-van-betalingen-in-euro-0
  ✓ CBN-2020-03-taal-van-de-jaarrekening-de-geconsolideerde-jaarrekening-en-de-andere-bij-de-nationale-0
  ✓ CBN-2020-05-verenigingen-en-stichtingen-vereenvoudigde-boekhouding-waarderingsregels
  ✓ CBN-2020-06-financieringskostensurplus-artikel-194sexies-en-artikel-1981-wib-92
  ✓ CBN-2020-07-mogelijkheid-tot-uitstel-van-de-goedkeuring-en-neerlegging-van-de-jaarrekening-vzws-0
  ✓ CBN-2020-08-mogelijkheid-tot-uitstel-van-de-gewone-algemene-vergadering-en-van-de-neerlegging-van-de
  ✓ CBN-2020-09-vermelding-in-de-jaarrekening-van-de-gegevens-van-de-bestuurders-en-de-commissaris
  ✓ CBN-2020-10-schenkingen-en-legaten-voor-vzws-ivzws-en-stichtingen-die-een-dubbele-boekhouding-voeren
  ✓ CBN-2020-11-vrijstelling-ter-versterking-van-de-solvabiliteit-en-het-eigen-vermogen-van-de-0
  ✓ CBN-2020-12-correctie-van-de-jaarrekening-0
  ✓ CBN-2020-13-overgang-van-een-kapitaalhoudende-cooperatieve-vennootschap-naar-een-kapitaalloze
  ✓ CBN-2020-14-boekhoudkundige-verwerking-van-de-aan-verkoop-van-een-actief-via-een-geblokkeerde-0
  ✓ CBN-2020-15-zetelverplaatsing-naar-belgie-model-van-staat-van-activa-en-passiva-bij-immigrerende
  ✓ CBN-2021-01-uitgiftepremie-0
  ✓ CBN-2021-02-winstverdeling-binnen-de-nv
  ✓ CBN-2021-03-de-boekhoudkundige-verwerking-van-het-vennootschapsvermogen-van-een-vof-en-een-commv
  ✓ CBN-2021-04-aanschaffingswaarde-bij-de-aankoop-van-een-goed-tegen-betaling-van-een-vaste-prijs-0
  ✓ CBN-2021-05-boekhoudrechtelijke-behandeling-van-kwijtschelding-van-huur-ten-gevolge-van-de-covid-19
  ✓ CBN-2021-07-invloed-van-het-buitengerechtelijk-minnelijk-akkoord-en-de-gerechtelijke-reorganisatie-1
  ✓ CBN-2021-08-verplichting-voor-bepaalde-vzws-ivzws-en-stichtingen-om-een-jaarverslag-op-te-stellen
  ✓ CBN-2021-09-rekening-26-overige-materiele-vaste-activa
  ✓ CBN-2021-10-boekhoudkundige-verwerking-van-fusies-tussen-vennootschappen
  ✓ CBN-2021-11-boekhoudkundige-verwerking-van-covid-19-tegemoetkomingen-en-van-kosten-gemaakt-ten-gevolge
  ✓ CBN-2021-12-boekhoudrechtelijke-verwerking-van-de-wederopbouwreserve
  ✓ CBN-2021-13-herwaarderingsmeerwaarden-bij-vennootschappen-gevolgen-van-de-wijzigingen-aangebracht-door
  ✓ CBN-2021-14-jaarrekeningrechtelijke-analyse-van-de-alarmbelprocedure-onder-het-wvv
  ✓ CBN-2021-15-verenigingen-en-stichtingen-compensatie-van-negatieve-fondsen
  ✓ CBN-2021-16-waarderen-en-boeken-van-cryptomunten-gebruikt-als-betaalmiddel
  ✓ CBN-2021-17-boekhoudkundige-verwerking-van-de-vergoeding-voor-de-groepsbijdrage-in-hoofde-van-de
  ✓ CBN-2022-01-boekhoudkundige-verwerking-van-splitsingen-van-vennootschappen-negatief-fiscaal
  ✓ CBN-2022-01-fusies-en-splitsingen-van-vennootschappen-met-een-negatief-nettoactief
  ✓ CBN-2022-02-uittreding-en-uitsluiting-lastens-het-vennootschapsvermogen-bij-de-bv-en-cv
  ✓ CBN-2022-03-beoordeling-van-de-groottecriteria-overeenkomstig-artikelen-124-en-125-van-het-wetboek-van
  ✓ CBN-2022-04-verslaggeving-bij-ontbinding-en-vereffening-van-bv-cv-nv-se-en-sce
  ✓ CBN-2022-05-verslaggeving-bij-ontbinding-en-vereffening-van-een-vzw-of-ivzw
  ✓ CBN-2022-06-verslaggeving-bij-onmiddellijke-sluiting-van-de-vereffening-van-een-vennootschap
  ✓ CBN-2022-07-verslaggeving-bij-onmiddellijke-sluiting-van-de-vereffening-van-een-vzw-of-ivzw
  ✓ CBN-2022-08-wijziging-van-het-boekhoudkundig-referentiestelsel
  ✓ CBN-2022-09-consolidatie-bij-de-horizontale-groep-consortium-0
  ✓ CBN-2022-10-boekhoudkundige-verwerking-van-interesten-en-andere-bedragen-verschuldigd-wegens
  ✓ CBN-2022-11-vermogensmutatiemethode
  ✓ CBN-2022-12-boekhoudkundige-verwerking-van-splitsingen-van-vennootschappen
  ✓ CBN-2022-13-boekhoudkundige-verwerking-van-fusies-tussen-verenigingen-en-stichtingen
  ✓ CBN-2022-14-belgische-bijkantoren-van-buitenlandse-vennootschappen-toepassing-van-het-belgisch
  ✓ CBN-2022-15-belgische-bijkantoren-van-buitenlandse-vennootschappen-eigen-boekhoudkundige
  ✓ CBN-2022-16-omzetting-van-een-vennootschap-gevolgen-voor-de-jaarrekening
  ✓ CBN-2024-01-vermogensklem-bij-de-omzetting-van-een-vzw-in-een-cooperatieve-vennootschap-erkend-als-0
  ✓ CBN-2024-02-belgische-bijkantoren-van-buitenlandse-verenigingen-en-stichtingen-toepassing-van-het-0
  ✓ CBN-2024-03-gevolgen-van-niet-uitgedrukte-meerwaarden-bij-de-ontbinding
  ✓ CBN-2024-04-terugbetaling-van-kapitaal-in-vreemde-valuta-aan-de-aandeelhouders
  ✓ CBN-2024-05-boekhoudkundige-verwerking-van-de-taks-tot-vergoeding-der-successierechten
  ✓ CBN-2024-06-openbaarmakingsverplichtingen-in-hoofde-van-de-vennootschap-onder-firma-en-de
  ✓ CBN-2024-07-gevolgen-verhoging-groottecriteria-voor-vennootschappen
  ✓ CBN-2024-08-gevolgen-verhoging-groottecriteria-voor-ivzws-en-stichtingen
  ✓ CBN-2024-09-verslaggeving-bij-de-heropening-van-de-vereffening-van-de-vennootschappen
  ✓ CBN-2024-10-verslaggeving-bij-de-heropening-van-de-vereffening-van-ivzws-die-een-dubbele-boekhouding
  ✓ CBN-NFP-aanbevelingen-inzake-de-gelijkwaardigheid-van-boekhoud-en-jaarrekeningregels-opgelegd-door

✓ Klaar: 436/436 items verwerkt.
